_map = [ "#############################",
"#/=====\\#####################",
"#<.....|#####################",
"#<.....}=================\\###",
"#<.......................}\##",
"#<.....]------[..]--[.....|##",
"#+-----?######<..|##+[....|##",
"##############<..|###<....|##",
"##############<..|###+----?##",
"##############<..|###########",
"/============={..}==========\\",
"<...........................|",
"<...........................|",
"<...........................|",
"+-----------[..]------------?",
"############+--?#############"
]

_mapinfo = {
'startx' :    2,
'starty' :    2,
'staffx' :    2,
'staffy' :    5,
'door' : ( # (x,y), ('where the door leads to', entrace to use on new map), ask before moving?)
	((25, 7), ('map/mailroom.map', 0), 0),
	((1, 13), ('map/mailroom.map', 0), 0),
	((27, 13), ('map/mailroom.map', 0), 0)
	),
'spawnChance' : 6,
'spawnIncrease' : 2,
 'passable' : ['.']
  }

sprites = [
	[(25,7), 1, 's', 0],
	[(1,13), 1, 's', 1],
	[(27,13), 1, 's', 2]
	]

images = { '.' : 'img/floor.png',
'|' : 'img/eastWall.png',
'-' : 'img/southWall.png',
'/' : 'img/northWestWall.png',
'\\' : 'img/northEastWall.png',
'?' : 'img/southEastWall.png',
'+' : 'img/southWestWall.png',
'=' : 'img/northWall.png',
'<' : 'img/westWall.png',
'}' : 'img/northEastWallInternal.png',
']' : 'img/southEastWallInternal.png',
'{' : 'img/northWestWallInternal.png',
'[' : 'img/southWestWallInternal.png',
'a' : 'img/adventurer.png',
's' : 'img/stairs.png'
}
